****************************************
Report : timing
-path full
-delay max
-max_paths 1
Design : alu_core
****************************************

Startpoint: reg_A_0_ (rising edge-triggered flip-flop clocked by clk_main)
Endpoint: out_combo_3_ (combinational logic)
Path Group: clk_main
Path Type: max

Point                                                   Incr       Path
--------------------------------------------------------------------------
clock clk_main (rise edge)                              0.00       0.00
clock network delay (ideal)                             0.05       0.05
reg_A_0_/CP (DFFRX1)                                    0.00       0.05 r
reg_A_0_/Q (DFFRX1)                                     0.12       0.17 r
U45/Y (AND2X2)                                          0.22       0.39 f
U89/Y (OR2X1)                                           0.31       0.70 f
out_combo_3_ (out)                                      0.05       0.75 f
data arrival time                                                  0.75

clock clk_main (rise edge)                              0.50       0.50
clock network delay (ideal)                             0.05       0.55
clock uncertainty                                      -0.05       0.50
out_combo_3_ (out)                                      0.00       0.50
data required time                                                 0.50
--------------------------------------------------------------------------
data required time                                                 0.50
data arrival time                                                 -0.75
--------------------------------------------------------------------------
slack (VIOLATED)                                                  -0.25