Startpoint: _518_ (rising edge-triggered flip-flop clocked by core_clk)
Endpoint: _622_ (rising edge-triggered flip-flop clocked by core_clk)
Path Group: core_clk
Path Type: max

Delay    Time   Description
---------------------------------------------------------
 0.00    0.00   clock core_clk (rise edge)
 0.00    0.00   clock source latency
 0.25    0.25   clk_buf/X (sky130_fd_sc_hd__clkbuf_16)
 0.18    0.43   clknet_2_3/X (sky130_fd_sc_hd__clkbuf_8)
 0.00    0.43 ^ _518_/CLK (sky130_fd_sc_hd__dfxtp_1)
 0.35    0.78 ^ _518_/Q (sky130_fd_sc_hd__dfxtp_1)
 0.12    0.90 v _301_/Y (sky130_fd_sc_hd__inv_2)
 0.18    1.08 ^ _305_/Y (sky130_fd_sc_hd__nand2_1)
 0.14    1.22 v _310_/Y (sky130_fd_sc_hd__a22oi_1)
 0.20    1.42 ^ _315_/Y (sky130_fd_sc_hd__o21ai_1)
 0.25    1.67 v _320_/SUM (sky130_fd_sc_hd__fa_1)
 0.28    1.95 v _325_/COUT (sky130_fd_sc_hd__fa_1)
 0.26    2.21 v _330_/COUT (sky130_fd_sc_hd__fa_1)
 0.15    2.36 ^ _335_/Y (sky130_fd_sc_hd__nand2_1)
 0.10    2.46 v _340_/Y (sky130_fd_sc_hd__nor2_1)
 0.00    2.46 v _622_/D (sky130_fd_sc_hd__dfxtp_1)
           2.46   data arrival time

 0.00    0.00   clock core_clk (rise edge)
 0.00    0.00   clock source latency
 0.25    0.25   clk_buf/X (sky130_fd_sc_hd__clkbuf_16)
 0.15    0.40   clknet_2_0/X (sky130_fd_sc_hd__clkbuf_8)
 0.00    0.40 ^ _622_/CLK (sky130_fd_sc_hd__dfxtp_1)
 0.00    2.50   clock core_clk (rise edge)
-0.10    2.40   clock uncertainty
-0.09    2.31   library setup time
           2.31   data required time
---------------------------------------------------------
           2.31   data required time
          -2.46   data arrival time
---------------------------------------------------------
          -0.15   slack (VIOLATED)
