Path 1: VIOLATED Setup Check with Pin alu_pipe_reg_2_/CLK
Endpoint:   alu_pipe_reg_2_/D (DFFQX1M : rising edge-triggered flip-flop clocked by sys_clk)
Beginpoint: data_in_reg_5_/Q (DFFQX1M : rising edge-triggered flip-flop clocked by sys_clk)
Path Group: sys_clk
Analysis Type: Late (Setup)
Other End Arrival Time:          10.000
Slack:                           -0.185 (VIOLATED)
----------------------------------------------------------------------------------------------------------
     Instance          Cell          Arc           Edge   Net     Load    Delay    Incr     Arr
----------------------------------------------------------------------------------------------------------
                                                  rise                            0.000    0.000
     data_in_reg_5_    DFFQX1M      CLK->Q        rise   net_42  0.035   0.180    0.180    0.180
     U234              INVX2M       A->Y           fall   net_87  0.020   0.065    0.065    0.245
     U301              NAND3X1M     A->Y           rise   net_91  0.042   0.095    0.095    0.340
     U356              AOI22X1M     A0->Y          fall   net_105 0.031   0.120    0.120    0.460
     U402              OAI211X1M    A0->Y          rise   net_112 0.028   0.105    0.105    0.565
     U450              XNOR2X1M     A->Y           fall   net_120 0.038   0.185    0.185    0.750
     U478              ADDFX1M      A->CO          fall   net_131 0.045   0.220    0.220    0.970
     U490              ADDFX1M      CI->CO         fall   net_138 0.040   0.195    0.195    1.165
     U505              ADDFX1M      CI->CO         fall   net_145 0.040   0.190    0.190    1.355
     U520              BUFX4M       A->Y           fall   net_150 0.055   0.080    0.080    1.435
     U535              MUX2X1M      S->Y           rise   net_160 0.030   0.150    0.150    1.585
     alu_pipe_reg_2_   DFFQX1M                     rise                   0.000    0.000    1.585
----------------------------------------------------------------------------------------------------------
     Data Arrival Time:                                                                    1.585

     clock sys_clk (rise edge)                                            10.000
     clock network delay (propagated)                                      0.250
     clock uncertainty                                                    -0.100
     library setup time                                                   -0.150
     Data Required Time:                                                                   1.400
----------------------------------------------------------------------------------------------------------
     Slack:                                                                               -0.185 (VIOLATED)
